Archive member included to satisfy reference by file (symbol)

C:/ST/STM32CubeIDE_1.14.0/STM32CubeIDE/plugins/com.st.stm32cube.ide.mcu.externaltools.gnu-tools-for-stm32.11.3.rel1.win32_1.1.100.202309141235/tools/bin/../lib/gcc/arm-none-eabi/11.3.1/../../../../arm-none-eabi/lib/thumb/v7e-m+fp/hard\libc_nano.a(libc_a-exit.o)
                              C:/ST/STM32CubeIDE_1.14.0/STM32CubeIDE/plugins/com.st.stm32cube.ide.mcu.externaltools.gnu-tools-for-stm32.11.3.rel1.win32_1.1.100.202309141235/tools/bin/../lib/gcc/arm-none-eabi/11.3.1/../../../../arm-none-eabi/lib/thumb/v7e-m+fp/hard/crt0.o (exit)
C:/ST/STM32CubeIDE_1.14.0/STM32CubeIDE/plugins/com.st.stm32cube.ide.mcu.externaltools.gnu-tools-for-stm32.11.3.rel1.win32_1.1.100.202309141235/tools/bin/../lib/gcc/arm-none-eabi/11.3.1/../../../../arm-none-eabi/lib/thumb/v7e-m+fp/hard\libc_nano.a(libc_a-findfp.o)
                              C:/ST/STM32CubeIDE_1.14.0/STM32CubeIDE/plugins/com.st.stm32cube.ide.mcu.externaltools.gnu-tools-for-stm32.11.3.rel1.win32_1.1.100.202309141235/tools/bin/../lib/gcc/arm-none-eabi/11.3.1/../../../../arm-none-eabi/lib/thumb/v7e-m+fp/hard\libc_nano.a(libc_a-exit.o) (__stdio_exit_handler)
C:/ST/STM32CubeIDE_1.14.0/STM32CubeIDE/plugins/com.st.stm32cube.ide.mcu.externaltools.gnu-tools-for-stm32.11.3.rel1.win32_1.1.100.202309141235/tools/bin/../lib/gcc/arm-none-eabi/11.3.1/../../../../arm-none-eabi/lib/thumb/v7e-m+fp/hard\libc_nano.a(libc_a-fwalk.o)
                              C:/ST/STM32CubeIDE_1.14.0/STM32CubeIDE/plugins/com.st.stm32cube.ide.mcu.externaltools.gnu-tools-for-stm32.11.3.rel1.win32_1.1.100.202309141235/tools/bin/../lib/gcc/arm-none-eabi/11.3.1/../../../../arm-none-eabi/lib/thumb/v7e-m+fp/hard\libc_nano.a(libc_a-findfp.o) (_fwalk_sglue)
C:/ST/STM32CubeIDE_1.14.0/STM32CubeIDE/plugins/com.st.stm32cube.ide.mcu.externaltools.gnu-tools-for-stm32.11.3.rel1.win32_1.1.100.202309141235/tools/bin/../lib/gcc/arm-none-eabi/11.3.1/../../../../arm-none-eabi/lib/thumb/v7e-m+fp/hard\libc_nano.a(libc_a-stdio.o)
                              C:/ST/STM32CubeIDE_1.14.0/STM32CubeIDE/plugins/com.st.stm32cube.ide.mcu.externaltools.gnu-tools-for-stm32.11.3.rel1.win32_1.1.100.202309141235/tools/bin/../lib/gcc/arm-none-eabi/11.3.1/../../../../arm-none-eabi/lib/thumb/v7e-m+fp/hard\libc_nano.a(libc_a-findfp.o) (__sread)
C:/ST/STM32CubeIDE_1.14.0/STM32CubeIDE/plugins/com.st.stm32cube.ide.mcu.externaltools.gnu-tools-for-stm32.11.3.rel1.win32_1.1.100.202309141235/tools/bin/../lib/gcc/arm-none-eabi/11.3.1/../../../../arm-none-eabi/lib/thumb/v7e-m+fp/hard\libc_nano.a(libc_a-memset.o)
                              C:/ST/STM32CubeIDE_1.14.0/STM32CubeIDE/plugins/com.st.stm32cube.ide.mcu.externaltools.gnu-tools-for-stm32.11.3.rel1.win32_1.1.100.202309141235/tools/bin/../lib/gcc/arm-none-eabi/11.3.1/../../../../arm-none-eabi/lib/thumb/v7e-m+fp/hard/crt0.o (memset)
C:/ST/STM32CubeIDE_1.14.0/STM32CubeIDE/plugins/com.st.stm32cube.ide.mcu.externaltools.gnu-tools-for-stm32.11.3.rel1.win32_1.1.100.202309141235/tools/bin/../lib/gcc/arm-none-eabi/11.3.1/../../../../arm-none-eabi/lib/thumb/v7e-m+fp/hard\libc_nano.a(libc_a-closer.o)
                              C:/ST/STM32CubeIDE_1.14.0/STM32CubeIDE/plugins/com.st.stm32cube.ide.mcu.externaltools.gnu-tools-for-stm32.11.3.rel1.win32_1.1.100.202309141235/tools/bin/../lib/gcc/arm-none-eabi/11.3.1/../../../../arm-none-eabi/lib/thumb/v7e-m+fp/hard\libc_nano.a(libc_a-stdio.o) (_close_r)
C:/ST/STM32CubeIDE_1.14.0/STM32CubeIDE/plugins/com.st.stm32cube.ide.mcu.externaltools.gnu-tools-for-stm32.11.3.rel1.win32_1.1.100.202309141235/tools/bin/../lib/gcc/arm-none-eabi/11.3.1/../../../../arm-none-eabi/lib/thumb/v7e-m+fp/hard\libc_nano.a(libc_a-reent.o)
                              C:/ST/STM32CubeIDE_1.14.0/STM32CubeIDE/plugins/com.st.stm32cube.ide.mcu.externaltools.gnu-tools-for-stm32.11.3.rel1.win32_1.1.100.202309141235/tools/bin/../lib/gcc/arm-none-eabi/11.3.1/../../../../arm-none-eabi/lib/thumb/v7e-m+fp/hard\libc_nano.a(libc_a-closer.o) (errno)
C:/ST/STM32CubeIDE_1.14.0/STM32CubeIDE/plugins/com.st.stm32cube.ide.mcu.externaltools.gnu-tools-for-stm32.11.3.rel1.win32_1.1.100.202309141235/tools/bin/../lib/gcc/arm-none-eabi/11.3.1/../../../../arm-none-eabi/lib/thumb/v7e-m+fp/hard\libc_nano.a(libc_a-impure.o)
                              C:/ST/STM32CubeIDE_1.14.0/STM32CubeIDE/plugins/com.st.stm32cube.ide.mcu.externaltools.gnu-tools-for-stm32.11.3.rel1.win32_1.1.100.202309141235/tools/bin/../lib/gcc/arm-none-eabi/11.3.1/../../../../arm-none-eabi/lib/thumb/v7e-m+fp/hard\libc_nano.a(libc_a-reent.o) (_impure_ptr)
C:/ST/STM32CubeIDE_1.14.0/STM32CubeIDE/plugins/com.st.stm32cube.ide.mcu.externaltools.gnu-tools-for-stm32.11.3.rel1.win32_1.1.100.202309141235/tools/bin/../lib/gcc/arm-none-eabi/11.3.1/../../../../arm-none-eabi/lib/thumb/v7e-m+fp/hard\libc_nano.a(libc_a-lseekr.o)
[...]
Memory Configuration

Name             Origin             Length             Attributes
CCMRAM           0x0000000010000000 0x0000000000010000 xrw
RAM              0x0000000020000000 0x0000000000050000 xrw
ROM              0x0000000008000000 0x0000000000200000 xr
*default*        0x0000000000000000 0xffffffffffffffff

Linker script and memory map

LOAD C:/ST/STM32CubeIDE_1.14.0/STM32CubeIDE/plugins/com.st.stm32cube.ide.mcu.externaltools.gnu-tools-for-stm32.11.3.rel1.win32_1.1.100.202309141235/tools/bin/../lib/gcc/arm-none-eabi/11.3.1/thumb/v7e-m+fp/hard/crti.o
LOAD C:/ST/STM32CubeIDE_1.14.0/STM32CubeIDE/plugins/com.st.stm32cube.ide.mcu.externaltools.gnu-tools-for-stm32.11.3.rel1.win32_1.1.100.202309141235/tools/bin/../lib/gcc/arm-none-eabi/11.3.1/thumb/v7e-m+fp/hard/crtbegin.o
LOAD C:/ST/STM32CubeIDE_1.14.0/STM32CubeIDE/plugins/com.st.stm32cube.ide.mcu.externaltools.gnu-tools-for-stm32.11.3.rel1.win32_1.1.100.202309141235/tools/bin/../lib/gcc/arm-none-eabi/11.3.1/../../../../arm-none-eabi/lib/thumb/v7e-m+fp/hard/crt0.o
LOAD ./Drivers/BSP/STM32469I-Discovery/stm32469i_discovery.o
LOAD ./Drivers/CMSIS/system_stm32f4xx.o
LOAD ./Drivers/STM32F4xx_HAL_Driver/stm32f4xx_hal.o
LOAD ./Drivers/STM32F4xx_HAL_Driver/stm32f4xx_hal_cortex.o
LOAD ./Drivers/STM32F4xx_HAL_Driver/stm32f4xx_hal_dma.o
LOAD ./Drivers/STM32F4xx_HAL_Driver/stm32f4xx_hal_gpio.o
LOAD ./Drivers/STM32F4xx_HAL_Driver/stm32f4xx_hal_i2c.o
LOAD ./Drivers/STM32F4xx_HAL_Driver/stm32f4xx_hal_i2c_ex.o
LOAD ./Drivers/STM32F4xx_HAL_Driver/stm32f4xx_hal_pwr_ex.o
LOAD ./Drivers/STM32F4xx_HAL_Driver/stm32f4xx_hal_rcc.o
LOAD ./Drivers/STM32F4xx_HAL_Driver/stm32f4xx_hal_rcc_ex.o
LOAD ./Drivers/STM32F4xx_HAL_Driver/stm32f4xx_hal_sram.o
LOAD ./Drivers/STM32F4xx_HAL_Driver/stm32f4xx_hal_tim.o
LOAD ./Drivers/STM32F4xx_HAL_Driver/stm32f4xx_hal_tim_ex.o
LOAD ./Drivers/STM32F4xx_HAL_Driver/stm32f4xx_hal_uart.o
LOAD ./Drivers/STM32F4xx_HAL_Driver/stm32f4xx_ll_fmc.o
LOAD ./Example/Startup/startup_stm32f469nihx.o
LOAD ./Example/User/main.o
LOAD ./Example/User/stm32f4xx_hal_msp.o
LOAD ./Example/User/stm32f4xx_it.o
LOAD ./Example/User/syscalls.o
LOAD ./Example/User/sysmem.o
START GROUP
LOAD C:/ST/STM32CubeIDE_1.14.0/STM32CubeIDE/plugins/com.st.stm32cube.ide.mcu.externaltools.gnu-tools-for-stm32.11.3.rel1.win32_1.1.100.202309141235/tools/bin/../lib/gcc/arm-none-eabi/11.3.1/../../../../arm-none-eabi/lib/thumb/v7e-m+fp/hard\libc_nano.a
LOAD C:/ST/STM32CubeIDE_1.14.0/STM32CubeIDE/plugins/com.st.stm32cube.ide.mcu.externaltools.gnu-tools-for-stm32.11.3.rel1.win32_1.1.100.202309141235/tools/bin/../lib/gcc/arm-none-eabi/11.3.1/../../../../arm-none-eabi/lib/thumb/v7e-m+fp/hard\libm.a
END GROUP
START GROUP
LOAD C:/ST/STM32CubeIDE_1.14.0/STM32CubeIDE/plugins/com.st.stm32cube.ide.mcu.externaltools.gnu-tools-for-stm32.11.3.rel1.win32_1.1.100.202309141235/tools/bin/../lib/gcc/arm-none-eabi/11.3.1/thumb/v7e-m+fp/hard\libgcc.a
LOAD C:/ST/STM32CubeIDE_1.14.0/STM32CubeIDE/plugins/com.st.stm32cube.ide.mcu.externaltools.gnu-tools-for-stm32.11.3.rel1.win32_1.1.100.202309141235/tools/bin/../lib/gcc/arm-none-eabi/11.3.1/../../../../arm-none-eabi/lib/thumb/v7e-m+fp/hard\libc_nano.a
END GROUP
START GROUP
LOAD C:/ST/STM32CubeIDE_1.14.0/STM32CubeIDE/plugins/com.st.stm32cube.ide.mcu.externaltools.gnu-tools-for-stm32.11.3.rel1.win32_1.1.100.202309141235/tools/bin/../lib/gcc/arm-none-eabi/11.3.1/thumb/v7e-m+fp/hard\libgcc.a
LOAD C:/ST/STM32CubeIDE_1.14.0/STM32CubeIDE/plugins/com.st.stm32cube.ide.mcu.externaltools.gnu-tools-for-stm32.11.3.rel1.win32_1.1.100.202309141235/tools/bin/../lib/gcc/arm-none-eabi/11.3.1/../../../../arm-none-eabi/lib/thumb/v7e-m+fp/hard\libc_nano.a
LOAD C:/ST/STM32CubeIDE_1.14.0/STM32CubeIDE/plugins/com.st.stm32cube.ide.mcu.externaltools.gnu-tools-for-stm32.11.3.rel1.win32_1.1.100.202309141235/tools/bin/../lib/gcc/arm-none-eabi/11.3.1/../../../../arm-none-eabi/lib/thumb/v7e-m+fp/hard\libnosys.a
END GROUP
START GROUP
LOAD C:/ST/STM32CubeIDE_1.14.0/STM32CubeIDE/plugins/com.st.stm32cube.ide.mcu.externaltools.gnu-tools-for-stm32.11.3.rel1.win32_1.1.100.202309141235/tools/bin/../lib/gcc/arm-none-eabi/11.3.1/thumb/v7e-m+fp/hard\libgcc.a
LOAD C:/ST/STM32CubeIDE_1.14.0/STM32CubeIDE/plugins/com.st.stm32cube.ide.mcu.externaltools.gnu-tools-for-stm32.11.3.rel1.win32_1.1.100.202309141235/tools/bin/../lib/gcc/arm-none-eabi/11.3.1/../../../../arm-none-eabi/lib/thumb/v7e-m+fp/hard\libc_nano.a
LOAD C:/ST/STM32CubeIDE_1.14.0/STM32CubeIDE/plugins/com.st.stm32cube.ide.mcu.externaltools.gnu-tools-for-stm32.11.3.rel1.win32_1.1.100.202309141235/tools/bin/../lib/gcc/arm-none-eabi/11.3.1/../../../../arm-none-eabi/lib/thumb/v7e-m+fp/hard\libnosys.a
END GROUP
LOAD C:/ST/STM32CubeIDE_1.14.0/STM32CubeIDE/plugins/com.st.stm32cube.ide.mcu.externaltools.gnu-tools-for-stm32.11.3.rel1.win32_1.1.100.202309141235/tools/bin/../lib/gcc/arm-none-eabi/11.3.1/thumb/v7e-m+fp/hard/crtend.o
LOAD C:/ST/STM32CubeIDE_1.14.0/STM32CubeIDE/plugins/com.st.stm32cube.ide.mcu.externaltools.gnu-tools-for-stm32.11.3.rel1.win32_1.1.100.202309141235/tools/bin/../lib/gcc/arm-none-eabi/11.3.1/thumb/v7e-m+fp/hard/crtn.o
                0x0000000020050000                _estack = (ORIGIN (RAM) + LENGTH (RAM))
                0x0000000000000200                _Min_Heap_Size = 0x200
                0x0000000000000400                _Min_Stack_Size = 0x400

.isr_vector     0x0000000008000000      0x1b4
                0x0000000008000000                . = ALIGN (0x4)
 *(.isr_vector)
 .isr_vector    0x0000000008000000      0x1b4 ./Example/Startup/startup_stm32f469nihx.o
                0x0000000008000000                g_pfnVectors
                0x00000000080001b4                . = ALIGN (0x4)

.text           0x00000000080001b4     0x1e14
                0x00000000080001b4                . = ALIGN (0x4)
 *(.text)
 .text          0x00000000080001b4       0x40 C:/ST/STM32CubeIDE_1.14.0/STM32CubeIDE/plugins/com.st.stm32cube.ide.mcu.externaltools.gnu-tools-for-stm32.11.3.rel1.win32_1.1.100.202309141235/tools/bin/../lib/gcc/arm-none-eabi/11.3.1/thumb/v7e-m+fp/hard/crtbegin.o
 .text          0x00000000080001f4       0x30 C:/ST/STM32CubeIDE_1.14.0/STM32CubeIDE/plugins/com.st.stm32cube.ide.mcu.externaltools.gnu-tools-for-stm32.11.3.rel1.win32_1.1.100.202309141235/tools/bin/../lib/gcc/arm-none-eabi/11.3.1/thumb/v7e-m+fp/hard\libgcc.a(_aeabi_uldivmod.o)
                0x00000000080001f4                __aeabi_uldivmod
 .text          0x0000000008000224      0x2c8 C:/ST/STM32CubeIDE_1.14.0/STM32CubeIDE/plugins/com.st.stm32cube.ide.mcu.externaltools.gnu-tools-for-stm32.11.3.rel1.win32_1.1.100.202309141235/tools/bin/../lib/gcc/arm-none-eabi/11.3.1/thumb/v7e-m+fp/hard\libgcc.a(_udivmoddi4.o)
                0x0000000008000224                __udivmoddi4
 .text          0x00000000080004ec        0x4 C:/ST/STM32CubeIDE_1.14.0/STM32CubeIDE/plugins/com.st.stm32cube.ide.mcu.externaltools.gnu-tools-for-stm32.11.3.rel1.win32_1.1.100.202309141235/tools/bin/../lib/gcc/arm-none-eabi/11.3.1/thumb/v7e-m+fp/hard\libgcc.a(_dvmd_tls.o)
                0x00000000080004ec                __aeabi_idiv0
                0x00000000080004ec                __aeabi_ldiv0
 *(.text*)
 .text.BSP_LED_Init
                0x00000000080004f0      0x100 ./Drivers/BSP/STM32469I-Discovery/stm32469i_discovery.o
                0x00000000080004f0                BSP_LED_Init
 .text.BSP_LED_On
                0x00000000080005f0       0x3c ./Drivers/BSP/STM32469I-Discovery/stm32469i_discovery.o
                0x00000000080005f0                BSP_LED_On
 .text.BSP_LED_Toggle
                0x000000000800062c       0x3c ./Drivers/BSP/STM32469I-Discovery/stm32469i_discovery.o
                0x000000000800062c                BSP_LED_Toggle
 .text.SystemInit
                0x0000000008000668       0x6c ./Drivers/CMSIS/system_stm32f4xx.o
                0x0000000008000668                SystemInit
 .text.HAL_Init
                0x00000000080006d4       0x44 ./Drivers/STM32F4xx_HAL_Driver/stm32f4xx_hal.o
                0x00000000080006d4                HAL_Init
 .text.HAL_MspInit
                0x0000000008000718        0xe ./Drivers/STM32F4xx_HAL_Driver/stm32f4xx_hal.o
                0x0000000008000718                HAL_MspInit
 *fill*         0x0000000008000726        0x2 
 .text.HAL_InitTick
                0x0000000008000728       0x60 ./Drivers/STM32F4xx_HAL_Driver/stm32f4xx_hal.o
                0x0000000008000728                HAL_InitTick
 .text.HAL_IncTick
                0x0000000008000788       0x28 ./Drivers/STM32F4xx_HAL_Driver/stm32f4xx_hal.o
                0x0000000008000788                HAL_IncTick
 .text.HAL_GetTick
                0x00000000080007b0       0x18 ./Drivers/STM32F4xx_HAL_Driver/stm32f4xx_hal.o
                0x00000000080007b0                HAL_GetTick
 .text.__NVIC_SetPriorityGrouping
                0x00000000080007c8       0x48 ./Drivers/STM32F4xx_HAL_Driver/stm32f4xx_hal_cortex.o
 .text.__NVIC_GetPriorityGrouping
                0x0000000008000810       0x1c ./Drivers/STM32F4xx_HAL_Driver/stm32f4xx_hal_cortex.o
 .text.__NVIC_EnableIRQ
                0x000000000800082c       0x3c ./Drivers/STM32F4xx_HAL_Driver/stm32f4xx_hal_cortex.o
 .text.__NVIC_SetPriority
                0x0000000008000868       0x54 ./Drivers/STM32F4xx_HAL_Driver/stm32f4xx_hal_cortex.o
 .text.NVIC_EncodePriority
                0x00000000080008bc       0x66 ./Drivers/STM32F4xx_HAL_Driver/stm32f4xx_hal_cortex.o
 *fill*         0x0000000008000922        0x2 
 .text.SysTick_Config
                0x0000000008000924       0x44 ./Drivers/STM32F4xx_HAL_Driver/stm32f4xx_hal_cortex.o
 .text.HAL_NVIC_SetPriorityGrouping
                0x0000000008000968       0x16 ./Drivers/STM32F4xx_HAL_Driver/stm32f4xx_hal_cortex.o
                0x0000000008000968                HAL_NVIC_SetPriorityGrouping
 .text.HAL_NVIC_SetPriority
                0x000000000800097e       0x38 ./Drivers/STM32F4xx_HAL_Driver/stm32f4xx_hal_cortex.o
                0x000000000800097e                HAL_NVIC_SetPriority
 .text.HAL_NVIC_EnableIRQ
                0x00000000080009b6       0x1c ./Drivers/STM32F4xx_HAL_Driver/stm32f4xx_hal_cortex.o
                0x00000000080009b6                HAL_NVIC_EnableIRQ
 .text.HAL_SYSTICK_Config
                0x00000000080009d2       0x18 ./Drivers/STM32F4xx_HAL_Driver/stm32f4xx_hal_cortex.o
                0x00000000080009d2                HAL_SYSTICK_Config
 *fill*         0x00000000080009ea        0x2 
 .text.HAL_GPIO_Init
                0x00000000080009ec      0x358 ./Drivers/STM32F4xx_HAL_Driver/stm32f4xx_hal_gpio.o
                0x00000000080009ec                HAL_GPIO_Init
 .text.HAL_GPIO_WritePin
                0x0000000008000d44       0x32 ./Drivers/STM32F4xx_HAL_Driver/stm32f4xx_hal_gpio.o
                0x0000000008000d44                HAL_GPIO_WritePin
 .text.HAL_GPIO_TogglePin
                0x0000000008000d76       0x34 ./Drivers/STM32F4xx_HAL_Driver/stm32f4xx_hal_gpio.o
                0x0000000008000d76                HAL_GPIO_TogglePin
 *fill*         0x0000000008000daa        0x2 
 .text.HAL_PWREx_EnableOverDrive
                0x0000000008000dac       0xa0 ./Drivers/STM32F4xx_HAL_Driver/stm32f4xx_hal_pwr_ex.o
                0x0000000008000dac                HAL_PWREx_EnableOverDrive
 .text.HAL_RCC_ClockConfig
                0x0000000008000e4c      0x1cc ./Drivers/STM32F4xx_HAL_Driver/stm32f4xx_hal_rcc.o
                0x0000000008000e4c                HAL_RCC_ClockConfig
 .text.HAL_RCC_GetSysClockFreq
                0x0000000008001018      0x20c ./Drivers/STM32F4xx_HAL_Driver/stm32f4xx_hal_rcc.o
                0x0000000008001018                HAL_RCC_GetSysClockFreq
 .text.HAL_RCC_OscConfig
                0x0000000008001224      0x508 ./Drivers/STM32F4xx_HAL_Driver/stm32f4xx_hal_rcc_ex.o
                0x0000000008001224                HAL_RCC_OscConfig
 .text.HAL_TIM_Base_Init
                0x000000000800172c       0x9e ./Drivers/STM32F4xx_HAL_Driver/stm32f4xx_hal_tim.o
                0x000000000800172c                HAL_TIM_Base_Init
 *fill*         0x00000000080017ca        0x2 
 .text.HAL_TIM_Base_Start_IT
                0x00000000080017cc       0xe0 ./Drivers/STM32F4xx_HAL_Driver/stm32f4xx_hal_tim.o
                0x00000000080017cc                HAL_TIM_Base_Start_IT
 .text.HAL_TIM_IRQHandler
                0x00000000080018ac      0x1e0 ./Drivers/STM32F4xx_HAL_Driver/stm32f4xx_hal_tim.o
                0x00000000080018ac                HAL_TIM_IRQHandler
 .text.HAL_TIM_OC_DelayElapsedCallback
                0x0000000008001a8c       0x14 ./Drivers/STM32F4xx_HAL_Driver/stm32f4xx_hal_tim.o
                0x0000000008001a8c                HAL_TIM_OC_DelayElapsedCallback
 .text.HAL_TIM_IC_CaptureCallback
                0x0000000008001aa0       0x14 ./Drivers/STM32F4xx_HAL_Driver/stm32f4xx_hal_tim.o
                0x0000000008001aa0                HAL_TIM_IC_CaptureCallback
 .text.HAL_TIM_PWM_PulseFinishedCallback
                0x0000000008001ab4       0x14 ./Drivers/STM32F4xx_HAL_Driver/stm32f4xx_hal_tim.o
                0x0000000008001ab4                HAL_TIM_PWM_PulseFinishedCallback
 .text.HAL_TIM_TriggerCallback
                0x0000000008001ac8       0x14 ./Drivers/STM32F4xx_HAL_Driver/stm32f4xx_hal_tim.o
                0x0000000008001ac8                HAL_TIM_TriggerCallback
 .text.TIM_Base_SetConfig
                0x0000000008001adc      0x158 ./Drivers/STM32F4xx_HAL_Driver/stm32f4xx_hal_tim.o
                0x0000000008001adc                TIM_Base_SetConfig
 .text.HAL_TIMEx_CommutCallback
                0x0000000008001c34       0x14 ./Drivers/STM32F4xx_HAL_Driver/stm32f4xx_hal_tim_ex.o
                0x0000000008001c34                HAL_TIMEx_CommutCallback
 .text.HAL_TIMEx_BreakCallback
                0x0000000008001c48       0x14 ./Drivers/STM32F4xx_HAL_Driver/stm32f4xx_hal_tim_ex.o
                0x0000000008001c48                HAL_TIMEx_BreakCallback
 .text.Reset_Handler
                0x0000000008001c5c       0x50 ./Example/Startup/startup_stm32f469nihx.o
                0x0000000008001c5c                Reset_Handler
 .text.Default_Handler
                0x0000000008001cac        0x2 ./Example/Startup/startup_stm32f469nihx.o
                0x0000000008001cac                RTC_Alarm_IRQHandler
                0x0000000008001cac                HASH_RNG_IRQHandler
                0x0000000008001cac                EXTI2_IRQHandler
                0x0000000008001cac                TIM8_CC_IRQHandler
                0x0000000008001cac                UART8_IRQHandler
                0x0000000008001cac                SPI4_IRQHandler
                0x0000000008001cac                TIM1_CC_IRQHandler
                0x0000000008001cac                DMA2_Stream5_IRQHandler
                0x0000000008001cac                DMA1_Stream5_IRQHandler
                0x0000000008001cac                PVD_IRQHandler
                0x0000000008001cac                SDIO_IRQHandler
                0x0000000008001cac                TAMP_STAMP_IRQHandler
                0x0000000008001cac                CAN2_RX1_IRQHandler
                0x0000000008001cac                EXTI3_IRQHandler
                0x0000000008001cac                TIM8_TRG_COM_TIM14_IRQHandler
                0x0000000008001cac                TIM1_UP_TIM10_IRQHandler
                0x0000000008001cac                TIM8_UP_TIM13_IRQHandler
                0x0000000008001cac                I2C3_ER_IRQHandler
                0x0000000008001cac                EXTI0_IRQHandler
                0x0000000008001cac                I2C2_EV_IRQHandler
                0x0000000008001cac                DMA1_Stream2_IRQHandler
                0x0000000008001cac                CAN1_RX0_IRQHandler
                0x0000000008001cac                FPU_IRQHandler
                0x0000000008001cac                OTG_HS_WKUP_IRQHandler
                0x0000000008001cac                LTDC_ER_IRQHandler
                0x0000000008001cac                CAN2_SCE_IRQHandler
                0x0000000008001cac                DMA2_Stream2_IRQHandler
                0x0000000008001cac                SPI1_IRQHandler
                0x0000000008001cac                TIM6_DAC_IRQHandler
                0x0000000008001cac                TIM1_BRK_TIM9_IRQHandler
                0x0000000008001cac                DCMI_IRQHandler
                0x0000000008001cac                CAN2_RX0_IRQHandler
                0x0000000008001cac                DMA2_Stream3_IRQHandler
                0x0000000008001cac                USART6_IRQHandler
                0x0000000008001cac                USART3_IRQHandler
                0x0000000008001cac                CAN1_RX1_IRQHandler
                0x0000000008001cac                UART5_IRQHandler
                0x0000000008001cac                DMA2_Stream0_IRQHandler
                0x0000000008001cac                TIM4_IRQHandler
                0x0000000008001cac                QUADSPI_IRQHandler
                0x0000000008001cac                I2C1_EV_IRQHandler
                0x0000000008001cac                DMA1_Stream6_IRQHandler
                0x0000000008001cac                DMA1_Stream1_IRQHandler
                0x0000000008001cac                UART4_IRQHandler
                0x0000000008001cac                RCC_IRQHandler
                0x0000000008001cac                TIM8_BRK_TIM12_IRQHandler
                0x0000000008001cac                Default_Handler
                0x0000000008001cac                EXTI15_10_IRQHandler
                0x0000000008001cac                ADC_IRQHandler
                0x0000000008001cac                DMA1_Stream7_IRQHandler
                0x0000000008001cac                SPI5_IRQHandler
                0x0000000008001cac                TIM7_IRQHandler
                0x0000000008001cac                CAN2_TX_IRQHandler
                0x0000000008001cac                TIM5_IRQHandler
                0x0000000008001cac                DMA2_Stream7_IRQHandler
                0x0000000008001cac                I2C3_EV_IRQHandler
                0x0000000008001cac                EXTI9_5_IRQHandler
                0x0000000008001cac                RTC_WKUP_IRQHandler
                0x0000000008001cac                LTDC_IRQHandler
                0x0000000008001cac                ETH_WKUP_IRQHandler
                0x0000000008001cac                SPI2_IRQHandler
                0x0000000008001cac                OTG_HS_EP1_IN_IRQHandler
                0x0000000008001cac                DMA1_Stream0_IRQHandler
                0x0000000008001cac                CAN1_TX_IRQHandler
                0x0000000008001cac                EXTI4_IRQHandler
                0x0000000008001cac                DSI_IRQHandler
                0x0000000008001cac                ETH_IRQHandler
                0x0000000008001cac                OTG_HS_EP1_OUT_IRQHandler
                0x0000000008001cac                WWDG_IRQHandler
                0x0000000008001cac                SPI6_IRQHandler
                0x0000000008001cac                TIM2_IRQHandler
                0x0000000008001cac                OTG_FS_WKUP_IRQHandler
                0x0000000008001cac                TIM1_TRG_COM_TIM11_IRQHandler
                0x0000000008001cac                OTG_HS_IRQHandler
                0x0000000008001cac                DMA2D_IRQHandler
                0x0000000008001cac                EXTI1_IRQHandler
                0x0000000008001cac                UART7_IRQHandler
                0x0000000008001cac                USART2_IRQHandler
                0x0000000008001cac                I2C2_ER_IRQHandler
                0x0000000008001cac                DMA2_Stream1_IRQHandler
                0x0000000008001cac                CAN1_SCE_IRQHandler
                0x0000000008001cac                FLASH_IRQHandler
                0x0000000008001cac                DMA2_Stream4_IRQHandler
                0x0000000008001cac                USART1_IRQHandler
                0x0000000008001cac                OTG_FS_IRQHandler
                0x0000000008001cac                SPI3_IRQHandler
                0x0000000008001cac                DMA1_Stream4_IRQHandler
                0x0000000008001cac                I2C1_ER_IRQHandler
                0x0000000008001cac                FMC_IRQHandler
                0x0000000008001cac                DMA2_Stream6_IRQHandler
                0x0000000008001cac                SAI1_IRQHandler
                0x0000000008001cac                DMA1_Stream3_IRQHandler
 *fill*         0x0000000008001cae        0x2 
 .text.main     0x0000000008001cb0       0xac ./Example/User/main.o
                0x0000000008001cb0                main
 .text.HAL_TIM_PeriodElapsedCallback
                0x0000000008001d5c       0x50 ./Example/User/main.o
                0x0000000008001d5c                HAL_TIM_PeriodElapsedCallback
 .text.setTimer
                0x0000000008001dac       0x20 ./Example/User/main.o
                0x0000000008001dac                setTimer
 .text.SystemClock_Config
                0x0000000008001dcc       0xe0 ./Example/User/main.o
 .text.Error_Handler
                0x0000000008001eac        0xc ./Example/User/main.o
 .text.HAL_TIM_Base_MspInit
                0x0000000008001eb8       0x40 ./Example/User/stm32f4xx_hal_msp.o
                0x0000000008001eb8                HAL_TIM_Base_MspInit
 .text.NMI_Handler
                0x0000000008001ef8        0xe ./Example/User/stm32f4xx_it.o
                0x0000000008001ef8                NMI_Handler
 .text.HardFault_Handler
                0x0000000008001f06        0x6 ./Example/User/stm32f4xx_it.o
                0x0000000008001f06                HardFault_Handler
 .text.MemManage_Handler
                0x0000000008001f0c        0x6 ./Example/User/stm32f4xx_it.o
                0x0000000008001f0c                MemManage_Handler
 .text.BusFault_Handler
                0x0000000008001f12        0x6 ./Example/User/stm32f4xx_it.o
                0x0000000008001f12                BusFault_Handler
 .text.UsageFault_Handler
                0x0000000008001f18        0x6 ./Example/User/stm32f4xx_it.o
                0x0000000008001f18                UsageFault_Handler
 .text.SVC_Handler
                0x0000000008001f1e        0xe ./Example/User/stm32f4xx_it.o
                0x0000000008001f1e                SVC_Handler
 .text.DebugMon_Handler
                0x0000000008001f2c        0xe ./Example/User/stm32f4xx_it.o
                0x0000000008001f2c                DebugMon_Handler
 .text.PendSV_Handler
                0x0000000008001f3a        0xe ./Example/User/stm32f4xx_it.o
                0x0000000008001f3a                PendSV_Handler
 .text.SysTick_Handler
                0x0000000008001f48        0xc ./Example/User/stm32f4xx_it.o
                0x0000000008001f48                SysTick_Handler
 .text.TIM3_IRQHandler
                0x0000000008001f54       0x14 ./Example/User/stm32f4xx_it.o
                0x0000000008001f54                TIM3_IRQHandler
 .text.__libc_init_array
                0x0000000008001f68       0x48 C:/ST/STM32CubeIDE_1.14.0/STM32CubeIDE/plugins/com.st.stm32cube.ide.mcu.externaltools.gnu-tools-for-stm32.11.3.rel1.win32_1.1.100.202309141235/tools/bin/../lib/gcc/arm-none-eabi/11.3.1/../../../../arm-none-eabi/lib/thumb/v7e-m+fp/hard\libc_nano.a(libc_a-init.o)
                0x0000000008001f68                __libc_init_array
 *(.glue_7)
 .glue_7        0x0000000008001fb0        0x0 linker stubs
 *(.glue_7t)
 .glue_7t       0x0000000008001fb0        0x0 linker stubs
 *(.eh_frame)
 .eh_frame      0x0000000008001fb0        0x0 C:/ST/STM32CubeIDE_1.14.0/STM32CubeIDE/plugins/com.st.stm32cube.ide.mcu.externaltools.gnu-tools-for-stm32.11.3.rel1.win32_1.1.100.202309141235/tools/bin/../lib/gcc/arm-none-eabi/11.3.1/thumb/v7e-m+fp/hard/crtbegin.o
 *(.init)
 .init          0x0000000008001fb0        0x4 C:/ST/STM32CubeIDE_1.14.0/STM32CubeIDE/plugins/com.st.stm32cube.ide.mcu.externaltools.gnu-tools-for-stm32.11.3.rel1.win32_1.1.100.202309141235/tools/bin/../lib/gcc/arm-none-eabi/11.3.1/thumb/v7e-m+fp/hard/crti.o
                0x0000000008001fb0                _init
 .init          0x0000000008001fb4        0x8 C:/ST/STM32CubeIDE_1.14.0/STM32CubeIDE/plugins/com.st.stm32cube.ide.mcu.externaltools.gnu-tools-for-stm32.11.3.rel1.win32_1.1.100.202309141235/tools/bin/../lib/gcc/arm-none-eabi/11.3.1/thumb/v7e-m+fp/hard/crtn.o
 *(.fini)
 .fini          0x0000000008001fbc        0x4 C:/ST/STM32CubeIDE_1.14.0/STM32CubeIDE/plugins/com.st.stm32cube.ide.mcu.externaltools.gnu-tools-for-stm32.11.3.rel1.win32_1.1.100.202309141235/tools/bin/../lib/gcc/arm-none-eabi/11.3.1/thumb/v7e-m+fp/hard/crti.o
                0x0000000008001fbc                _fini
 .fini          0x0000000008001fc0        0x8 C:/ST/STM32CubeIDE_1.14.0/STM32CubeIDE/plugins/com.st.stm32cube.ide.mcu.externaltools.gnu-tools-for-stm32.11.3.rel1.win32_1.1.100.202309141235/tools/bin/../lib/gcc/arm-none-eabi/11.3.1/thumb/v7e-m+fp/hard/crtn.o
                0x0000000008001fc8                . = ALIGN (0x4)
                0x0000000008001fc8                _etext = .

.vfp11_veneer   0x0000000008001fc8        0x0
 .vfp11_veneer  0x0000000008001fc8        0x0 linker stubs

.v4_bx          0x0000000008001fc8        0x0
 .v4_bx         0x0000000008001fc8        0x0 linker stubs

.iplt           0x0000000008001fc8        0x0
 .iplt          0x0000000008001fc8        0x0 C:/ST/STM32CubeIDE_1.14.0/STM32CubeIDE/plugins/com.st.stm32cube.ide.mcu.externaltools.gnu-tools-for-stm32.11.3.rel1.win32_1.1.100.202309141235/tools/bin/../lib/gcc/arm-none-eabi/11.3.1/thumb/v7e-m+fp/hard/crtbegin.o

.rodata         0x0000000008001fc8       0x10
                0x0000000008001fc8                . = ALIGN (0x4)
 *(.rodata)
 *(.rodata*)
 .rodata.AHBPrescTable
                0x0000000008001fc8       0x10 ./Drivers/CMSIS/system_stm32f4xx.o
                0x0000000008001fc8                AHBPrescTable
                0x0000000008001fd8                . = ALIGN (0x4)

.ARM.extab      0x0000000008001fd8        0x0
                0x0000000008001fd8                . = ALIGN (0x4)
 *(.ARM.extab* .gnu.linkonce.armextab.*)
                0x0000000008001fd8                . = ALIGN (0x4)

.ARM            0x0000000008001fd8        0x8
                0x0000000008001fd8                . = ALIGN (0x4)
                0x0000000008001fd8                __exidx_start = .
 *(.ARM.exidx*)
 .ARM.exidx     0x0000000008001fd8        0x8 C:/ST/STM32CubeIDE_1.14.0/STM32CubeIDE/plugins/com.st.stm32cube.ide.mcu.externaltools.gnu-tools-for-stm32.11.3.rel1.win32_1.1.100.202309141235/tools/bin/../lib/gcc/arm-none-eabi/11.3.1/thumb/v7e-m+fp/hard\libgcc.a(_udivmoddi4.o)
                0x0000000008001fe0                __exidx_end = .
                0x0000000008001fe0                . = ALIGN (0x4)

.rel.dyn        0x0000000008001fe0        0x0
 .rel.iplt      0x0000000008001fe0        0x0 C:/ST/STM32CubeIDE_1.14.0/STM32CubeIDE/plugins/com.st.stm32cube.ide.mcu.externaltools.gnu-tools-for-stm32.11.3.rel1.win32_1.1.100.202309141235/tools/bin/../lib/gcc/arm-none-eabi/11.3.1/thumb/v7e-m+fp/hard/crtbegin.o

.preinit_array  0x0000000008001fe0        0x0
                0x0000000008001fe0                . = ALIGN (0x4)
                0x0000000008001fe0                PROVIDE (__preinit_array_start = .)
 *(.preinit_array*)
                0x0000000008001fe0                PROVIDE (__preinit_array_end = .)
                0x0000000008001fe0                . = ALIGN (0x4)

.init_array     0x0000000008001fe0        0x4
                0x0000000008001fe0                . = ALIGN (0x4)
                0x0000000008001fe0                PROVIDE (__init_array_start = .)
 *(SORT_BY_NAME(.init_array.*))
 *(.init_array*)
 .init_array    0x0000000008001fe0        0x4 C:/ST/STM32CubeIDE_1.14.0/STM32CubeIDE/plugins/com.st.stm32cube.ide.mcu.externaltools.gnu-tools-for-stm32.11.3.rel1.win32_1.1.100.202309141235/tools/bin/../lib/gcc/arm-none-eabi/11.3.1/thumb/v7e-m+fp/hard/crtbegin.o
                0x0000000008001fe4                PROVIDE (__init_array_end = .)
                0x0000000008001fe4                . = ALIGN (0x4)

.fini_array     0x0000000008001fe4        0x4
                0x0000000008001fe4                . = ALIGN (0x4)
                [!provide]                        PROVIDE (__fini_array_start = .)
 *(SORT_BY_NAME(.fini_array.*))
 *(.fini_array*)
 .fini_array    0x0000000008001fe4        0x4 C:/ST/STM32CubeIDE_1.14.0/STM32CubeIDE/plugins/com.st.stm32cube.ide.mcu.externaltools.gnu-tools-for-stm32.11.3.rel1.win32_1.1.100.202309141235/tools/bin/../lib/gcc/arm-none-eabi/11.3.1/thumb/v7e-m+fp/hard/crtbegin.o
                [!provide]                        PROVIDE (__fini_array_end = .)
                0x0000000008001fe8                . = ALIGN (0x4)
                0x0000000008001fe8                _sidata = LOADADDR (.data)

.data           0x0000000020000000       0x30 load address 0x0000000008001fe8
                0x0000000020000000                . = ALIGN (0x4)
                0x0000000020000000                _sdata = .
 *(.data)
 *(.data*)
 .data.GPIO_PIN
                0x0000000020000000       0x10 ./Drivers/BSP/STM32469I-Discovery/stm32469i_discovery.o
                0x0000000020000000                GPIO_PIN
 .data.GPIO_PORT
                0x0000000020000010       0x10 ./Drivers/BSP/STM32469I-Discovery/stm32469i_discovery.o
                0x0000000020000010                GPIO_PORT
 .data.SystemCoreClock
                0x0000000020000020        0x4 ./Drivers/CMSIS/system_stm32f4xx.o
                0x0000000020000020                SystemCoreClock
 .data.uwTickPrio
                0x0000000020000024        0x4 ./Drivers/STM32F4xx_HAL_Driver/stm32f4xx_hal.o
                0x0000000020000024                uwTickPrio
 .data.uwTickFreq
                0x0000000020000028        0x1 ./Drivers/STM32F4xx_HAL_Driver/stm32f4xx_hal.o
                0x0000000020000028                uwTickFreq
 *fill*         0x0000000020000029        0x3 
 .data.flipLED  0x000000002000002c        0x4 ./Example/User/main.o
                0x000000002000002c                flipLED
 *(.RamFunc)
 *(.RamFunc*)
                0x0000000020000030                . = ALIGN (0x4)
                0x0000000020000030                _edata = .
                0x0000000008002018                _siccmram = LOADADDR (.ccmram)

.igot.plt       0x0000000020000030        0x0 load address 0x0000000008002018
 .igot.plt      0x0000000020000030        0x0 C:/ST/STM32CubeIDE_1.14.0/STM32CubeIDE/plugins/com.st.stm32cube.ide.mcu.externaltools.gnu-tools-for-stm32.11.3.rel1.win32_1.1.100.202309141235/tools/bin/../lib/gcc/arm-none-eabi/11.3.1/thumb/v7e-m+fp/hard/crtbegin.o

.ccmram         0x0000000010000000        0x0 load address 0x0000000008002018
                0x0000000010000000                . = ALIGN (0x4)
                0x0000000010000000                _sccmram = .
 *(.ccmram)
 *(.ccmram*)
                0x0000000010000000                . = ALIGN (0x4)
                0x0000000010000000                _eccmram = .
                0x0000000010000000                . = ALIGN (0x4)

.bss            0x0000000020000030       0x70
                0x0000000020000030                _sbss = .
                0x0000000020000030                __bss_start__ = _sbss
 *(.bss)
 .bss           0x0000000020000030       0x1c C:/ST/STM32CubeIDE_1.14.0/STM32CubeIDE/plugins/com.st.stm32cube.ide.mcu.externaltools.gnu-tools-for-stm32.11.3.rel1.win32_1.1.100.202309141235/tools/bin/../lib/gcc/arm-none-eabi/11.3.1/thumb/v7e-m+fp/hard/crtbegin.o
 *(.bss*)
 .bss.uwTick    0x000000002000004c        0x4 ./Drivers/STM32F4xx_HAL_Driver/stm32f4xx_hal.o
                0x000000002000004c                uwTick
 .bss.TimHandle
                0x0000000020000050       0x48 ./Example/User/main.o
                0x0000000020000050                TimHandle
 .bss.uwPrescalerValue
                0x0000000020000098        0x4 ./Example/User/main.o
                0x0000000020000098                uwPrescalerValue
 .bss.pwmMode   0x000000002000009c        0x4 ./Example/User/main.o
                0x000000002000009c                pwmMode
 *(COMMON)
                0x00000000200000a0                . = ALIGN (0x4)
                0x00000000200000a0                _ebss = .
                0x00000000200000a0                __bss_end__ = _ebss

._user_heap_stack
                0x00000000200000a0      0x600
                0x00000000200000a0                . = ALIGN (0x8)
                [!provide]                        PROVIDE (end = .)
                0x00000000200000a0                PROVIDE (_end = .)
                0x00000000200002a0                . = (. + _Min_Heap_Size)
 *fill*         0x00000000200000a0      0x200 
                0x00000000200006a0                . = (. + _Min_Stack_Size)
 *fill*         0x00000000200002a0      0x400 
                0x00000000200006a0                . = ALIGN (0x8)

/DISCARD/
 libc.a(*)
 libm.a(*)
 libgcc.a(*)

.ARM.attributes
                0x0000000000000000       0x30
 *(.ARM.attributes)
 .ARM.attributes
                0x0000000000000000       0x1e C:/ST/STM32CubeIDE_1.14.0/STM32CubeIDE/plugins/com.st.stm32cube.ide.mcu.externaltools.gnu-tools-for-stm32.11.3.rel1.win32_1.1.100.202309141235/tools/bin/../lib/gcc/arm-none-eabi/11.3.1/thumb/v7e-m+fp/hard/crti.o
 .ARM.attributes
                0x000000000000001e       0x34 C:/ST/STM32CubeIDE_1.14.0/STM32CubeIDE/plugins/com.st.stm32cube.ide.mcu.externaltools.gnu-tools-for-stm32.11.3.rel1.win32_1.1.100.202309141235/tools/bin/../lib/gcc/arm-none-eabi/11.3.1/thumb/v7e-m+fp/hard/crtbegin.o
 .ARM.attributes
                0x0000000000000052       0x34 ./Drivers/BSP/STM32469I-Discovery/stm32469i_discovery.o
 .ARM.attributes
                0x0000000000000086       0x34 ./Drivers/CMSIS/system_stm32f4xx.o
 .ARM.attributes
                0x00000000000000ba       0x34 ./Drivers/STM32F4xx_HAL_Driver/stm32f4xx_hal.o
 .ARM.attributes
                0x00000000000000ee       0x34 ./Drivers/STM32F4xx_HAL_Driver/stm32f4xx_hal_cortex.o
 .ARM.attributes
                0x0000000000000122       0x34 ./Drivers/STM32F4xx_HAL_Driver/stm32f4xx_hal_gpio.o
 .ARM.attributes
                0x0000000000000156       0x34 ./Drivers/STM32F4xx_HAL_Driver/stm32f4xx_hal_pwr_ex.o
 .ARM.attributes
                0x000000000000018a       0x34 ./Drivers/STM32F4xx_HAL_Driver/stm32f4xx_hal_rcc.o
 .ARM.attributes
                0x00000000000001be       0x34 ./Drivers/STM32F4xx_HAL_Driver/stm32f4xx_hal_rcc_ex.o
 .ARM.attributes
                0x00000000000001f2       0x34 ./Drivers/STM32F4xx_HAL_Driver/stm32f4xx_hal_tim.o
 .ARM.attributes
                0x0000000000000226       0x34 ./Drivers/STM32F4xx_HAL_Driver/stm32f4xx_hal_tim_ex.o
 .ARM.attributes
                0x000000000000025a       0x21 ./Example/Startup/startup_stm32f469nihx.o
 .ARM.attributes
                0x000000000000027b       0x34 ./Example/User/main.o
 .ARM.attributes
                0x00000000000002af       0x34 ./Example/User/stm32f4xx_hal_msp.o
 .ARM.attributes
                0x00000000000002e3       0x34 ./Example/User/stm32f4xx_it.o
 .ARM.attributes
                0x0000000000000317       0x34 C:/ST/STM32CubeIDE_1.14.0/STM32CubeIDE/plugins/com.st.stm32cube.ide.mcu.externaltools.gnu-tools-for-stm32.11.3.rel1.win32_1.1.100.202309141235/tools/bin/../lib/gcc/arm-none-eabi/11.3.1/../../../../arm-none-eabi/lib/thumb/v7e-m+fp/hard\libc_nano.a(libc_a-init.o)
 .ARM.attributes
                0x000000000000034b       0x1e C:/ST/STM32CubeIDE_1.14.0/STM32CubeIDE/plugins/com.st.stm32cube.ide.mcu.externaltools.gnu-tools-for-stm32.11.3.rel1.win32_1.1.100.202309141235/tools/bin/../lib/gcc/arm-none-eabi/11.3.1/thumb/v7e-m+fp/hard\libgcc.a(_aeabi_uldivmod.o)
 .ARM.attributes
                0x0000000000000369       0x34 C:/ST/STM32CubeIDE_1.14.0/STM32CubeIDE/plugins/com.st.stm32cube.ide.mcu.externaltools.gnu-tools-for-stm32.11.3.rel1.win32_1.1.100.202309141235/tools/bin/../lib/gcc/arm-none-eabi/11.3.1/thumb/v7e-m+fp/hard\libgcc.a(_udivmoddi4.o)
 .ARM.attributes
                0x000000000000039d       0x1e C:/ST/STM32CubeIDE_1.14.0/STM32CubeIDE/plugins/com.st.stm32cube.ide.mcu.externaltools.gnu-tools-for-stm32.11.3.rel1.win32_1.1.100.202309141235/tools/bin/../lib/gcc/arm-none-eabi/11.3.1/thumb/v7e-m+fp/hard\libgcc.a(_dvmd_tls.o)
 .ARM.attributes
                0x00000000000003bb       0x1e C:/ST/STM32CubeIDE_1.14.0/STM32CubeIDE/plugins/com.st.stm32cube.ide.mcu.externaltools.gnu-tools-for-stm32.11.3.rel1.win32_1.1.100.202309141235/tools/bin/../lib/gcc/arm-none-eabi/11.3.1/thumb/v7e-m+fp/hard/crtn.o
OUTPUT(TIM_TimeBase.elf elf32-littlearm)
LOAD linker stubs
LOAD C:/ST/STM32CubeIDE_1.14.0/STM32CubeIDE/plugins/com.st.stm32cube.ide.mcu.externaltools.gnu-tools-for-stm32.11.3.rel1.win32_1.1.100.202309141235/tools/bin/../lib/gcc/arm-none-eabi/11.3.1/../../../../arm-none-eabi/lib/thumb/v7e-m+fp/hard\libc.a
LOAD C:/ST/STM32CubeIDE_1.14.0/STM32CubeIDE/plugins/com.st.stm32cube.ide.mcu.externaltools.gnu-tools-for-stm32.11.3.rel1.win32_1.1.100.202309141235/tools/bin/../lib/gcc/arm-none-eabi/11.3.1/../../../../arm-none-eabi/lib/thumb/v7e-m+fp/hard\libm.a
LOAD C:/ST/STM32CubeIDE_1.14.0/STM32CubeIDE/plugins/com.st.stm32cube.ide.mcu.externaltools.gnu-tools-for-stm32.11.3.rel1.win32_1.1.100.202309141235/tools/bin/../lib/gcc/arm-none-eabi/11.3.1/thumb/v7e-m+fp/hard\libgcc.a

.comment        0x0000000000000000       0x43
 .comment       0x0000000000000000       0x43 C:/ST/STM32CubeIDE_1.14.0/STM32CubeIDE/plugins/com.st.stm32cube.ide.mcu.externaltools.gnu-tools-for-stm32.11.3.rel1.win32_1.1.100.202309141235/tools/bin/../lib/gcc/arm-none-eabi/11.3.1/thumb/v7e-m+fp/hard/crtbegin.o
                                         0x44 (size before relaxing)
 .comment       0x0000000000000043       0x44 ./Drivers/BSP/STM32469I-Discovery/stm32469i_discovery.o
 .comment       0x0000000000000043       0x44 ./Drivers/CMSIS/system_stm32f4xx.o
 .comment       0x0000000000000043       0x44 ./Drivers/STM32F4xx_HAL_Driver/stm32f4xx_hal.o
 .comment       0x0000000000000043       0x44 ./Drivers/STM32F4xx_HAL_Driver/stm32f4xx_hal_cortex.o
 .comment       0x0000000000000043       0x44 ./Drivers/STM32F4xx_HAL_Driver/stm32f4xx_hal_gpio.o
 .comment       0x0000000000000043       0x44 ./Drivers/STM32F4xx_HAL_Driver/stm32f4xx_hal_pwr_ex.o
 .comment       0x0000000000000043       0x44 ./Drivers/STM32F4xx_HAL_Driver/stm32f4xx_hal_rcc.o
 .comment       0x0000000000000043       0x44 ./Drivers/STM32F4xx_HAL_Driver/stm32f4xx_hal_rcc_ex.o
 .comment       0x0000000000000043       0x44 ./Drivers/STM32F4xx_HAL_Driver/stm32f4xx_hal_tim.o
 .comment       0x0000000000000043       0x44 ./Drivers/STM32F4xx_HAL_Driver/stm32f4xx_hal_tim_ex.o
 .comment       0x0000000000000043       0x44 ./Example/User/main.o
 .comment       0x0000000000000043       0x44 ./Example/User/stm32f4xx_hal_msp.o
 .comment       0x0000000000000043       0x44 ./Example/User/stm32f4xx_it.o

.debug_info     0x0000000000000000     0xaf25
 .debug_info    0x0000000000000000     0x1785 ./Drivers/BSP/STM32469I-Discovery/stm32469i_discovery.o
 .debug_info    0x0000000000001785      0x52e ./Drivers/CMSIS/system_stm32f4xx.o
 .debug_info    0x0000000000001cb3      0x9c6 ./Drivers/STM32F4xx_HAL_Driver/stm32f4xx_hal.o
 .debug_info    0x0000000000002679      0xd99 ./Drivers/STM32F4xx_HAL_Driver/stm32f4xx_hal_cortex.o
 .debug_info    0x0000000000003412      0x6db ./Drivers/STM32F4xx_HAL_Driver/stm32f4xx_hal_gpio.o
 .debug_info    0x0000000000003aed      0x6be ./Drivers/STM32F4xx_HAL_Driver/stm32f4xx_hal_pwr_ex.o
 .debug_info    0x00000000000041ab      0x8d5 ./Drivers/STM32F4xx_HAL_Driver/stm32f4xx_hal_rcc.o
 .debug_info    0x0000000000004a80      0x84d ./Drivers/STM32F4xx_HAL_Driver/stm32f4xx_hal_rcc_ex.o
 .debug_info    0x00000000000052cd     0x299d ./Drivers/STM32F4xx_HAL_Driver/stm32f4xx_hal_tim.o
 .debug_info    0x0000000000007c6a     0x14db ./Drivers/STM32F4xx_HAL_Driver/stm32f4xx_hal_tim_ex.o
 .debug_info    0x0000000000009145       0x23 ./Example/Startup/startup_stm32f469nihx.o
 .debug_info    0x0000000000009168      0xc05 ./Example/User/main.o
 .debug_info    0x0000000000009d6d      0xad7 ./Example/User/stm32f4xx_hal_msp.o
 .debug_info    0x000000000000a844      0x6e1 ./Example/User/stm32f4xx_it.o

.debug_abbrev   0x0000000000000000     0x1c4d
 .debug_abbrev  0x0000000000000000      0x302 ./Drivers/BSP/STM32469I-Discovery/stm32469i_discovery.o
 .debug_abbrev  0x0000000000000302      0x11a ./Drivers/CMSIS/system_stm32f4xx.o
 .debug_abbrev  0x000000000000041c      0x214 ./Drivers/STM32F4xx_HAL_Driver/stm32f4xx_hal.o
 .debug_abbrev  0x0000000000000630      0x328 ./Drivers/STM32F4xx_HAL_Driver/stm32f4xx_hal_cortex.o
 .debug_abbrev  0x0000000000000958      0x1d4 ./Drivers/STM32F4xx_HAL_Driver/stm32f4xx_hal_gpio.o
 .debug_abbrev  0x0000000000000b2c      0x1cf ./Drivers/STM32F4xx_HAL_Driver/stm32f4xx_hal_pwr_ex.o
 .debug_abbrev  0x0000000000000cfb      0x2b6 ./Drivers/STM32F4xx_HAL_Driver/stm32f4xx_hal_rcc.o
 .debug_abbrev  0x0000000000000fb1      0x1e4 ./Drivers/STM32F4xx_HAL_Driver/stm32f4xx_hal_rcc_ex.o
 .debug_abbrev  0x0000000000001195      0x278 ./Drivers/STM32F4xx_HAL_Driver/stm32f4xx_hal_tim.o
 .debug_abbrev  0x000000000000140d      0x283 ./Drivers/STM32F4xx_HAL_Driver/stm32f4xx_hal_tim_ex.o
 .debug_abbrev  0x0000000000001690       0x12 ./Example/Startup/startup_stm32f469nihx.o
 .debug_abbrev  0x00000000000016a2      0x293 ./Example/User/main.o
 .debug_abbrev  0x0000000000001935      0x186 ./Example/User/stm32f4xx_hal_msp.o
 .debug_abbrev  0x0000000000001abb      0x192 ./Example/User/stm32f4xx_it.o

.debug_aranges  0x0000000000000000      0xb70
 .debug_aranges
                0x0000000000000000      0x150 ./Drivers/BSP/STM32469I-Discovery/stm32469i_discovery.o
 .debug_aranges
                0x0000000000000150       0x28 ./Drivers/CMSIS/system_stm32f4xx.o
 .debug_aranges
                0x0000000000000178      0x100 ./Drivers/STM32F4xx_HAL_Driver/stm32f4xx_hal.o
 .debug_aranges
                0x0000000000000278      0x120 ./Drivers/STM32F4xx_HAL_Driver/stm32f4xx_hal_cortex.o
 .debug_aranges
                0x0000000000000398       0x58 ./Drivers/STM32F4xx_HAL_Driver/stm32f4xx_hal_gpio.o
 .debug_aranges
                0x00000000000003f0       0x60 ./Drivers/STM32F4xx_HAL_Driver/stm32f4xx_hal_pwr_ex.o
 .debug_aranges
                0x0000000000000450       0x88 ./Drivers/STM32F4xx_HAL_Driver/stm32f4xx_hal_rcc.o
 .debug_aranges
                0x00000000000004d8       0x70 ./Drivers/STM32F4xx_HAL_Driver/stm32f4xx_hal_rcc_ex.o
 .debug_aranges
                0x0000000000000548      0x3d0 ./Drivers/STM32F4xx_HAL_Driver/stm32f4xx_hal_tim.o
 .debug_aranges
                0x0000000000000918      0x168 ./Drivers/STM32F4xx_HAL_Driver/stm32f4xx_hal_tim_ex.o
 .debug_aranges
                0x0000000000000a80       0x28 ./Example/Startup/startup_stm32f469nihx.o
 .debug_aranges
                0x0000000000000aa8       0x40 ./Example/User/main.o
 .debug_aranges
                0x0000000000000ae8       0x20 ./Example/User/stm32f4xx_hal_msp.o
 .debug_aranges
                0x0000000000000b08       0x68 ./Example/User/stm32f4xx_it.o

.debug_rnglists
                0x0000000000000000      0x8c8
 .debug_rnglists
                0x0000000000000000       0xfb ./Drivers/BSP/STM32469I-Discovery/stm32469i_discovery.o
 .debug_rnglists
                0x00000000000000fb       0x1a ./Drivers/CMSIS/system_stm32f4xx.o
 .debug_rnglists
                0x0000000000000115       0xbb ./Drivers/STM32F4xx_HAL_Driver/stm32f4xx_hal.o
 .debug_rnglists
                0x00000000000001d0       0xd4 ./Drivers/STM32F4xx_HAL_Driver/stm32f4xx_hal_cortex.o
 .debug_rnglists
                0x00000000000002a4       0x3f ./Drivers/STM32F4xx_HAL_Driver/stm32f4xx_hal_gpio.o
 .debug_rnglists
                0x00000000000002e3       0x47 ./Drivers/STM32F4xx_HAL_Driver/stm32f4xx_hal_pwr_ex.o
 .debug_rnglists
                0x000000000000032a       0x66 ./Drivers/STM32F4xx_HAL_Driver/stm32f4xx_hal_rcc.o
 .debug_rnglists
                0x0000000000000390       0x57 ./Drivers/STM32F4xx_HAL_Driver/stm32f4xx_hal_rcc_ex.o
 .debug_rnglists
                0x00000000000003e7      0x31a ./Drivers/STM32F4xx_HAL_Driver/stm32f4xx_hal_tim.o
 .debug_rnglists
                0x0000000000000701      0x125 ./Drivers/STM32F4xx_HAL_Driver/stm32f4xx_hal_tim_ex.o
 .debug_rnglists
                0x0000000000000826       0x19 ./Example/Startup/startup_stm32f469nihx.o
 .debug_rnglists
                0x000000000000083f       0x2d ./Example/User/main.o
 .debug_rnglists
                0x000000000000086c       0x13 ./Example/User/stm32f4xx_hal_msp.o
 .debug_rnglists
                0x000000000000087f       0x49 ./Example/User/stm32f4xx_it.o

.debug_macro    0x0000000000000000    0x2907b
 .debug_macro   0x0000000000000000      0x225 ./Drivers/BSP/STM32469I-Discovery/stm32469i_discovery.o
 .debug_macro   0x0000000000000225      0xaa8 ./Drivers/BSP/STM32469I-Discovery/stm32469i_discovery.o
 .debug_macro   0x0000000000000ccd      0x1b2 ./Drivers/BSP/STM32469I-Discovery/stm32469i_discovery.o
 .debug_macro   0x0000000000000e7f       0x2e ./Drivers/BSP/STM32469I-Discovery/stm32469i_discovery.o
 .debug_macro   0x0000000000000ead       0x28 ./Drivers/BSP/STM32469I-Discovery/stm32469i_discovery.o
 .debug_macro   0x0000000000000ed5       0x22 ./Drivers/BSP/STM32469I-Discovery/stm32469i_discovery.o
 .debug_macro   0x0000000000000ef7       0x8e ./Drivers/BSP/STM32469I-Discovery/stm32469i_discovery.o
 .debug_macro   0x0000000000000f85       0x51 ./Drivers/BSP/STM32469I-Discovery/stm32469i_discovery.o
 .debug_macro   0x0000000000000fd6      0x103 ./Drivers/BSP/STM32469I-Discovery/stm32469i_discovery.o
 .debug_macro   0x00000000000010d9       0x6a ./Drivers/BSP/STM32469I-Discovery/stm32469i_discovery.o
 .debug_macro   0x0000000000001143      0x1df ./Drivers/BSP/STM32469I-Discovery/stm32469i_discovery.o
 .debug_macro   0x0000000000001322       0x1c ./Drivers/BSP/STM32469I-Discovery/stm32469i_discovery.o
 .debug_macro   0x000000000000133e       0x22 ./Drivers/BSP/STM32469I-Discovery/stm32469i_discovery.o
 .debug_macro   0x0000000000001360       0xfb ./Drivers/BSP/STM32469I-Discovery/stm32469i_discovery.o
 .debug_macro   0x000000000000145b     0x1011 ./Drivers/BSP/STM32469I-Discovery/stm32469i_discovery.o
 .debug_macro   0x000000000000246c      0x11f ./Drivers/BSP/STM32469I-Discovery/stm32469i_discovery.o
 .debug_macro   0x000000000000258b    0x1d76d ./Drivers/BSP/STM32469I-Discovery/stm32469i_discovery.o
 .debug_macro   0x000000000001fcf8       0x6d ./Drivers/BSP/STM32469I-Discovery/stm32469i_discovery.o
 .debug_macro   0x000000000001fd65     0x3703 ./Drivers/BSP/STM32469I-Discovery/stm32469i_discovery.o
 .debug_macro   0x0000000000023468      0x174 ./Drivers/BSP/STM32469I-Discovery/stm32469i_discovery.o
 .debug_macro   0x00000000000235dc       0x5c ./Drivers/BSP/STM32469I-Discovery/stm32469i_discovery.o
 .debug_macro   0x0000000000023638      0xde0 ./Drivers/BSP/STM32469I-Discovery/stm32469i_discovery.o
 .debug_macro   0x0000000000024418      0x9e9 ./Drivers/BSP/STM32469I-Discovery/stm32469i_discovery.o
 .debug_macro   0x0000000000024e01      0x115 ./Drivers/BSP/STM32469I-Discovery/stm32469i_discovery.o
 .debug_macro   0x0000000000024f16      0x192 ./Drivers/BSP/STM32469I-Discovery/stm32469i_discovery.o
 .debug_macro   0x00000000000250a8       0xa5 ./Drivers/BSP/STM32469I-Discovery/stm32469i_discovery.o
 .debug_macro   0x000000000002514d      0x287 ./Drivers/BSP/STM32469I-Discovery/stm32469i_discovery.o
 .debug_macro   0x00000000000253d4       0x5f ./Drivers/BSP/STM32469I-Discovery/stm32469i_discovery.o
 .debug_macro   0x0000000000025433      0x236 ./Drivers/BSP/STM32469I-Discovery/stm32469i_discovery.o
 .debug_macro   0x0000000000025669      0x132 ./Drivers/BSP/STM32469I-Discovery/stm32469i_discovery.o
 .debug_macro   0x000000000002579b      0x41d ./Drivers/BSP/STM32469I-Discovery/stm32469i_discovery.o
 .debug_macro   0x0000000000025bb8       0x2e ./Drivers/BSP/STM32469I-Discovery/stm32469i_discovery.o
 .debug_macro   0x0000000000025be6      0x51d ./Drivers/BSP/STM32469I-Discovery/stm32469i_discovery.o
 .debug_macro   0x0000000000026103      0x1b5 ./Drivers/BSP/STM32469I-Discovery/stm32469i_discovery.o
 .debug_macro   0x00000000000262b8       0x22 ./Drivers/BSP/STM32469I-Discovery/stm32469i_discovery.o
 .debug_macro   0x00000000000262da       0xd6 ./Drivers/BSP/STM32469I-Discovery/stm32469i_discovery.o
 .debug_macro   0x00000000000263b0      0x127 ./Drivers/BSP/STM32469I-Discovery/stm32469i_discovery.o
 .debug_macro   0x00000000000264d7       0xe2 ./Drivers/BSP/STM32469I-Discovery/stm32469i_discovery.o
 .debug_macro   0x00000000000265b9       0x89 ./Drivers/BSP/STM32469I-Discovery/stm32469i_discovery.o
 .debug_macro   0x0000000000026642      0x8ed ./Drivers/BSP/STM32469I-Discovery/stm32469i_discovery.o
 .debug_macro   0x0000000000026f2f       0x4d ./Drivers/BSP/STM32469I-Discovery/stm32469i_discovery.o
 .debug_macro   0x0000000000026f7c      0x2aa ./Drivers/BSP/STM32469I-Discovery/stm32469i_discovery.o
 .debug_macro   0x0000000000027226      0x134 ./Drivers/BSP/STM32469I-Discovery/stm32469i_discovery.o
 .debug_macro   0x000000000002735a      0x232 ./Drivers/BSP/STM32469I-Discovery/stm32469i_discovery.o
 .debug_macro   0x000000000002758c      0x1fe ./Drivers/CMSIS/system_stm32f4xx.o
 .debug_macro   0x000000000002778a      0x258 ./Drivers/STM32F4xx_HAL_Driver/stm32f4xx_hal.o
 .debug_macro   0x00000000000279e2      0x1f8 ./Drivers/STM32F4xx_HAL_Driver/stm32f4xx_hal_cortex.o
 .debug_macro   0x0000000000027bda      0x1fe ./Drivers/STM32F4xx_HAL_Driver/stm32f4xx_hal_gpio.o
 .debug_macro   0x0000000000027dd8      0x210 ./Drivers/STM32F4xx_HAL_Driver/stm32f4xx_hal_pwr_ex.o
 .debug_macro   0x0000000000027fe8      0x21c ./Drivers/STM32F4xx_HAL_Driver/stm32f4xx_hal_rcc.o
 .debug_macro   0x0000000000028204      0x1f8 ./Drivers/STM32F4xx_HAL_Driver/stm32f4xx_hal_rcc_ex.o
 .debug_macro   0x00000000000283fc      0x1f9 ./Drivers/STM32F4xx_HAL_Driver/stm32f4xx_hal_tim.o
 .debug_macro   0x00000000000285f5      0x1f8 ./Drivers/STM32F4xx_HAL_Driver/stm32f4xx_hal_tim_ex.o
 .debug_macro   0x00000000000287ed      0x210 ./Example/User/main.o
 .debug_macro   0x00000000000289fd      0x238 ./Example/User/main.o
 .debug_macro   0x0000000000028c35       0x1c ./Example/User/main.o
 .debug_macro   0x0000000000028c51      0x210 ./Example/User/stm32f4xx_hal_msp.o
 .debug_macro   0x0000000000028e61      0x21a ./Example/User/stm32f4xx_it.o

.debug_line     0x0000000000000000     0xcf8b
 .debug_line    0x0000000000000000      0xcec ./Drivers/BSP/STM32469I-Discovery/stm32469i_discovery.o
 .debug_line    0x0000000000000cec      0x85a ./Drivers/CMSIS/system_stm32f4xx.o
 .debug_line    0x0000000000001546      0xada ./Drivers/STM32F4xx_HAL_Driver/stm32f4xx_hal.o
 .debug_line    0x0000000000002020      0xd70 ./Drivers/STM32F4xx_HAL_Driver/stm32f4xx_hal_cortex.o
 .debug_line    0x0000000000002d90      0xc40 ./Drivers/STM32F4xx_HAL_Driver/stm32f4xx_hal_gpio.o
 .debug_line    0x00000000000039d0      0x9cd ./Drivers/STM32F4xx_HAL_Driver/stm32f4xx_hal_pwr_ex.o
 .debug_line    0x000000000000439d      0xe29 ./Drivers/STM32F4xx_HAL_Driver/stm32f4xx_hal_rcc.o
 .debug_line    0x00000000000051c6     0x10b2 ./Drivers/STM32F4xx_HAL_Driver/stm32f4xx_hal_rcc_ex.o
 .debug_line    0x0000000000006278     0x3830 ./Drivers/STM32F4xx_HAL_Driver/stm32f4xx_hal_tim.o
 .debug_line    0x0000000000009aa8     0x1aa0 ./Drivers/STM32F4xx_HAL_Driver/stm32f4xx_hal_tim_ex.o
 .debug_line    0x000000000000b548       0x7a ./Example/Startup/startup_stm32f469nihx.o
 .debug_line    0x000000000000b5c2      0x909 ./Example/User/main.o
 .debug_line    0x000000000000becb      0x7f7 ./Example/User/stm32f4xx_hal_msp.o
 .debug_line    0x000000000000c6c2      0x8c9 ./Example/User/stm32f4xx_it.o

.debug_str      0x0000000000000000    0xf792d
 .debug_str     0x0000000000000000    0xf4cff ./Drivers/BSP/STM32469I-Discovery/stm32469i_discovery.o
                                      0xf50a1 (size before relaxing)
 .debug_str     0x00000000000f4cff      0x108 ./Drivers/CMSIS/system_stm32f4xx.o
                                      0xf32f9 (size before relaxing)
 .debug_str     0x00000000000f4e07      0x686 ./Drivers/STM32F4xx_HAL_Driver/stm32f4xx_hal.o
                                      0xf3f22 (size before relaxing)
 .debug_str     0x00000000000f548d      0x357 ./Drivers/STM32F4xx_HAL_Driver/stm32f4xx_hal_cortex.o
                                      0xf3c1e (size before relaxing)
 .debug_str     0x00000000000f57e4      0x11a ./Drivers/STM32F4xx_HAL_Driver/stm32f4xx_hal_gpio.o
                                      0xf3464 (size before relaxing)
 .debug_str     0x00000000000f58fe      0x15e ./Drivers/STM32F4xx_HAL_Driver/stm32f4xx_hal_pwr_ex.o
                                      0xf34c1 (size before relaxing)
 .debug_str     0x00000000000f5a5c      0x394 ./Drivers/STM32F4xx_HAL_Driver/stm32f4xx_hal_rcc.o
                                      0xf3722 (size before relaxing)
 .debug_str     0x00000000000f5df0      0x26c ./Drivers/STM32F4xx_HAL_Driver/stm32f4xx_hal_rcc_ex.o
                                      0xf363e (size before relaxing)
 .debug_str     0x00000000000f605c     0x115d ./Drivers/STM32F4xx_HAL_Driver/stm32f4xx_hal_tim.o
                                      0xf4660 (size before relaxing)
 .debug_str     0x00000000000f71b9      0x520 ./Drivers/STM32F4xx_HAL_Driver/stm32f4xx_hal_tim_ex.o
                                      0xf3e6c (size before relaxing)
 .debug_str     0x00000000000f76d9       0x37 ./Example/Startup/startup_stm32f469nihx.o
                                         0x6a (size before relaxing)
 .debug_str     0x00000000000f7710      0x110 ./Example/User/main.o
                                      0xf4790 (size before relaxing)
 .debug_str     0x00000000000f7820       0x38 ./Example/User/stm32f4xx_hal_msp.o
                                      0xf4a68 (size before relaxing)
 .debug_str     0x00000000000f7858       0xd5 ./Example/User/stm32f4xx_it.o
                                      0xf4474 (size before relaxing)

.debug_frame    0x0000000000000000     0x2efc
 .debug_frame   0x0000000000000000      0x55c ./Drivers/BSP/STM32469I-Discovery/stm32469i_discovery.o
 .debug_frame   0x000000000000055c       0x58 ./Drivers/CMSIS/system_stm32f4xx.o
 .debug_frame   0x00000000000005b4      0x3b4 ./Drivers/STM32F4xx_HAL_Driver/stm32f4xx_hal.o
 .debug_frame   0x0000000000000968      0x4b8 ./Drivers/STM32F4xx_HAL_Driver/stm32f4xx_hal_cortex.o
 .debug_frame   0x0000000000000e20      0x14c ./Drivers/STM32F4xx_HAL_Driver/stm32f4xx_hal_gpio.o
 .debug_frame   0x0000000000000f6c      0x14c ./Drivers/STM32F4xx_HAL_Driver/stm32f4xx_hal_pwr_ex.o
 .debug_frame   0x00000000000010b8      0x1f4 ./Drivers/STM32F4xx_HAL_Driver/stm32f4xx_hal_rcc.o
 .debug_frame   0x00000000000012ac      0x1b4 ./Drivers/STM32F4xx_HAL_Driver/stm32f4xx_hal_rcc_ex.o
 .debug_frame   0x0000000000001460     0x11c0 ./Drivers/STM32F4xx_HAL_Driver/stm32f4xx_hal_tim.o
 .debug_frame   0x0000000000002620      0x638 ./Drivers/STM32F4xx_HAL_Driver/stm32f4xx_hal_tim_ex.o
 .debug_frame   0x0000000000002c58       0xbc ./Example/User/main.o
 .debug_frame   0x0000000000002d14       0x34 ./Example/User/stm32f4xx_hal_msp.o
 .debug_frame   0x0000000000002d48      0x128 ./Example/User/stm32f4xx_it.o
 .debug_frame   0x0000000000002e70       0x2c C:/ST/STM32CubeIDE_1.14.0/STM32CubeIDE/plugins/com.st.stm32cube.ide.mcu.externaltools.gnu-tools-for-stm32.11.3.rel1.win32_1.1.100.202309141235/tools/bin/../lib/gcc/arm-none-eabi/11.3.1/../../../../arm-none-eabi/lib/thumb/v7e-m+fp/hard\libc_nano.a(libc_a-init.o)
 .debug_frame   0x0000000000002e9c       0x2c C:/ST/STM32CubeIDE_1.14.0/STM32CubeIDE/plugins/com.st.stm32cube.ide.mcu.externaltools.gnu-tools-for-stm32.11.3.rel1.win32_1.1.100.202309141235/tools/bin/../lib/gcc/arm-none-eabi/11.3.1/thumb/v7e-m+fp/hard\libgcc.a(_aeabi_uldivmod.o)
 .debug_frame   0x0000000000002ec8       0x34 C:/ST/STM32CubeIDE_1.14.0/STM32CubeIDE/plugins/com.st.stm32cube.ide.mcu.externaltools.gnu-tools-for-stm32.11.3.rel1.win32_1.1.100.202309141235/tools/bin/../lib/gcc/arm-none-eabi/11.3.1/thumb/v7e-m+fp/hard\libgcc.a(_udivmoddi4.o)

.debug_line_str
                0x0000000000000000       0x5e
 .debug_line_str
                0x0000000000000000       0x5e ./Example/Startup/startup_stm32f469nihx.o
                                         0x76 (size before relaxing)
